Script started on Fri 23 Jan 2015 05:44:17 PM PST
~
cyang032@hammer $ ls
[0m[01;34mDesktop[0m/    [01;34mDownloads[0m/  [01;34mMusic[0m/     [01;34mPublic[0m/     [01;34mTestDir[0m/    [01;34mVideos[0m/
[01;34mDocuments[0m/  [01;34mfirstrepo[0m/  [01;34mPictures[0m/  [01;34mTemplates[0m/  [01;34mucr-cs100[0m/  [01;34mWINDOWS[0m/
[m~
cyang032@hammer $ ls -l
total 56
drwx------ 5 cyang032 csmajs 8192 Jan 13 21:18 [0m[01;34mDesktop[0m/
drwx------ 2 cyang032 csmajs 4096 Oct  1  2013 [01;34mDocuments[0m/
drwx------ 2 cyang032 csmajs 8192 Nov 19 20:43 [01;34mDownloads[0m/
drwx------ 4 cyang032 csmajs 4096 Jan 13 21:26 [01;34mfirstrepo[0m/
drwx------ 2 cyang032 csmajs 4096 Oct  1  2013 [01;34mMusic[0m/
drwx------ 2 cyang032 csmajs 4096 Oct  1  2013 [01;34mPictures[0m/
drwx------ 2 cyang032 csmajs 4096 Oct  1  2013 [01;34mPublic[0m/
drwx------ 2 cyang032 csmajs 4096 Oct  1  2013 [01;34mTemplates[0m/
drwx------ 2 cyang032 csmajs 4096 Apr  8  2014 [01;34mTestDir[0m/
drwx------ 8 cyang032 csmajs 4096 Jan 13 21:24 [01;34mucr-cs100[0m/
drwx------ 2 cyang032 csmajs 4096 Oct  1  2013 [01;34mVideos[0m/
drwx------ 3 cyang032 csmajs 4096 Sep 24  2013 [01;34mWINDOWS[0m/
[m~
cyang032@hammer $ ls -a[Kl -a -r
total 1532
-rwx------    1 cyang032 csmajs 913883 Nov 26  2013 [0m[01;32m.xsession-errors.old[0m*
-rw-------    1 cyang032 csmajs   4194 Jan 23 17:17 .Xauthority
drwx------    3 cyang032 csmajs   4096 Sep 24  2013 [01;34mWINDOWS[0m/
-rwx------    1 cyang032 csmajs   7790 Jan 23 17:32 [01;32m.viminfo[0m*
drwx------    2 cyang032 csmajs   4096 Oct  1  2013 [01;34mVideos[0m/
drwx------    8 cyang032 csmajs   4096 Jan 13 21:24 [01;34mucr-cs100[0m/
drwx------   15 cyang032 csmajs   4096 Nov 29 14:09 [01;34m.Trash[0m/
drwx------    3 cyang032 csmajs   4096 Oct 16  2013 [01;34m.thumbnails[0m/
drwx------    2 cyang032 csmajs   4096 Apr  8  2014 [01;34mTestDir[0m/
drwx------    2 cyang032 csmajs   4096 Oct  1  2013 [01;34mTemplates[0m/
drwx------    2 cyang032 csmajs   4096 Jan 13 21:19 [01;34m.ssh[0m/
drwx------    3 cyang032 csmajs   4096 Oct  4  2013 [01;34m.redhat[0m/
-rw-r--r--    1 cyang032 csmajs 100109 Jan 22 21:34 .recently-used.xbel
drwx------    2 cyang032 csmajs   4096 Dec  3 18:45 [01;34m.qt[0m/
-rwx------    1 cyang032 csmajs    256 Oct  1  2013 [01;32m.pulse-cookie[0m*
drwx------    2 cyang032 csmajs   4096 Oct  1  2013 [01;34m.pulse[0m/
drwx------    2 cyang032 csmajs   4096 Oct  1  2013 [01;34mPublic[0m/
-rw-------    1 cyang032 csmajs    965 Sep 19  2008 .profile
-rwx------    1 cyang032 csmajs     88 Sep 22  2013 [01;32m.procmailrc[0m*
drwx------    3 cyang032 csmajs   4096 Jan 13 21:24 [01;34m.pki[0m/
drwx------    2 cyang032 csmajs   4096 Oct  1  2013 [01;34mPictures[0m/
drwx------  101 cyang032 csmajs  12288 Jan 23 15:50 [01;34m.nx[0m/
drwx------    3 cyang032 csmajs   4096 Oct  1  2013 [01;34m.nv[0m/
drwx------    3 cyang032 csmajs   8192 Jan 23 11:11 [01;34m.nautilus[0m/
drwx------    2 cyang032 csmajs   4096 Oct  1  2013 [01;34mMusic[0m/
drwx------    4 cyang032 csmajs   4096 Oct  1  2013 [01;34m.mozilla[0m/
drwx------    3 cyang032 csmajs   4096 Oct  4  2013 [01;34m.metacity[0m/
drwx------    3 cyang032 csmajs   4096 Oct  1  2013 [01;34m.macromedia[0m/
drwx------    3 cyang032 csmajs   4096 Oct  1  2013 [01;34m.local[0m/
drwx------    3 cyang032 csmajs   4096 Nov 19  2013 [01;34m.libreoffice[0m/
drwx------    3 cyang032 csmajs   4096 Apr 11  2014 [01;34m.kde[0m/
-rwx------    1 cyang032 csmajs    657 May 14  2014 [01;32m.imsettings.log[0m*
-rw-------    1 cyang032 csmajs  20258 Jan 23 15:50 .ICEauthority
drwx------    2 cyang032 csmajs   4096 Oct  1  2013 [01;34m.gvfs[0m/
-rwx------    1 cyang032 csmajs     97 Oct  4  2013 [01;32m.gtkrc-1.2-gnome2[0m*
-rwx------    1 cyang032 csmajs    187 May 14  2014 [01;32m.gtk-bookmarks[0m*
drwx------    2 cyang032 csmajs   4096 May 14  2014 [01;34m.gstreamer-0.10[0m/
drwx------    2 cyang032 csmajs   4096 Jan 23 17:17 [01;34m.gnupg[0m/
drwx------    3 cyang032 csmajs   4096 Oct  1  2013 [01;34m.gnote[0m/
drwx------    2 cyang032 csmajs   4096 Oct  1  2013 [01;34m.gnome2_private[0m/
drwx------    9 cyang032 csmajs  20480 Jan 23 11:11 [01;34m.gnome2[0m/
drwx------    3 cyang032 csmajs   4096 Oct  4  2013 [01;34m.gnome[0m/
drwx------    3 cyang032 csmajs   4096 Jan 23 17:17 [01;34m.gitlearn[0m/
drwx------    2 cyang032 csmajs   4096 Jan 23 17:05 [01;34m.gconfd[0m/
drwx------    4 cyang032 csmajs   4096 Jan 23 15:50 [01;34m.gconf[0m/
drwx------    2 cyang032 csmajs   8192 Jan 23 16:52 [01;34m.fontconfig[0m/
drwx------    4 cyang032 csmajs   4096 Jan 13 21:26 [01;34mfirstrepo[0m/
-rwx------    1 cyang032 csmajs   4096 Nov 19  2013 [01;32m.execoooJGM3Ac[0m*
-rwx------    1 cyang032 csmajs   4096 Nov 19  2013 [01;32m.execoooHSIglj[0m*
drwxr-xr-x    7 cyang032 csmajs   4096 Nov 19 20:44 [01;34m.evolution[0m/
-rwx------    1 cyang032 csmajs     16 Oct  4  2013 [01;32m.esd_auth[0m*
drwx------    3 cyang032 csmajs   4096 Nov 19  2013 [01;34m.emacs.d[0m/
drwx------    2 cyang032 csmajs   4096 Oct  4  2013 [01;34m.eggcups[0m/
drwx------    2 cyang032 csmajs   8192 Nov 19 20:43 [01;34mDownloads[0m/
drwx------    2 cyang032 csmajs   4096 Oct  1  2013 [01;34mDocuments[0m/
-rwx------    1 cyang032 csmajs     27 Apr 15  2014 [01;32m.dmrc[0m*
drwx------    5 cyang032 csmajs   8192 Jan 13 21:18 [01;34mDesktop[0m/
lrwxrwxrwx    1 cyang032 csmajs     62 Aug 25 13:35 [01;36m.DCOPserver_well.cs.ucr.edu_localhost:35[0m -> /home/csmajs/cyang032/.DCOPserver_well.cs.ucr.edu_localhost_35
-rw-------    1 cyang032 csmajs     64 Aug 25 13:35 .DCOPserver_well.cs.ucr.edu_localhost_35
lrwxrwxrwx    1 cyang032 csmajs     62 Aug 20 12:04 [01;36m.DCOPserver_well.cs.ucr.edu_localhost:32[0m -> /home/csmajs/cyang032/.DCOPserver_well.cs.ucr.edu_localhost_32
-rw-------    1 cyang032 csmajs     62 Aug 20 12:04 .DCOPserver_well.cs.ucr.edu_localhost_32
lrwxrwxrwx    1 cyang032 csmajs     62 Aug 22 10:28 [01;36m.DCOPserver_well.cs.ucr.edu_localhost:26[0m -> /home/csmajs/cyang032/.DCOPserver_well.cs.ucr.edu_localhost_26
-rw-------    1 cyang032 csmajs     64 Aug 22 10:28 .DCOPserver_well.cs.ucr.edu_localhost_26
lrwxrwxrwx    1 cyang032 csmajs     62 Aug 21 20:34 [01;36m.DCOPserver_well.cs.ucr.edu_localhost:14[0m -> /home/csmajs/cyang032/.DCOPserver_well.cs.ucr.edu_localhost_14
-rw-------    1 cyang032 csmajs     64 Aug 21 20:34 .DCOPserver_well.cs.ucr.edu_localhost_14
lrwxrwxrwx    1 cyang032 csmajs     55 May 10  2014 [01;36m.DCOPserver_well.cs.ucr.edu_:1046[0m -> /home/csmajs/cyang032/.DCOPserver_well.cs.ucr.edu__1046
-rw-------    1 cyang032 csmajs     62 May 10  2014 .DCOPserver_well.cs.ucr.edu__1046
lrwxrwxrwx    1 cyang032 csmajs     55 May  2  2014 [01;36m.DCOPserver_well.cs.ucr.edu_:1043[0m -> /home/csmajs/cyang032/.DCOPserver_well.cs.ucr.edu__1043
-rw-------    1 cyang032 csmajs     64 May  2  2014 .DCOPserver_well.cs.ucr.edu__1043
lrwxrwxrwx    1 cyang032 csmajs     55 May 17  2014 [01;36m.DCOPserver_well.cs.ucr.edu_:1029[0m -> /home/csmajs/cyang032/.DCOPserver_well.cs.ucr.edu__1029
-rw-------    1 cyang032 csmajs     62 May 17  2014 .DCOPserver_well.cs.ucr.edu__1029
lrwxrwxrwx    1 cyang032 csmajs     55 Nov 15 14:21 [01;36m.DCOPserver_well.cs.ucr.edu_:1027[0m -> /home/csmajs/cyang032/.DCOPserver_well.cs.ucr.edu__1027
-rw-------    1 cyang032 csmajs     64 Nov 15 14:21 .DCOPserver_well.cs.ucr.edu__1027
lrwxrwxrwx    1 cyang032 csmajs     55 Apr 18  2014 [01;36m.DCOPserver_well.cs.ucr.edu_:1024[0m -> /home/csmajs/cyang032/.DCOPserver_well.cs.ucr.edu__1024
-rw-------    1 cyang032 csmajs     64 May 30  2014 .DCOPserver_well.cs.ucr.edu__1024
lrwxrwxrwx    1 cyang032 csmajs     55 May 24  2014 [01;36m.DCOPserver_well.cs.ucr.edu_:1023[0m -> /home/csmajs/cyang032/.DCOPserver_well.cs.ucr.edu__1023
-rw-------    1 cyang032 csmajs     64 May 24  2014 .DCOPserver_well.cs.ucr.edu__1023
lrwxrwxrwx    1 cyang032 csmajs     55 May 31  2014 [01;36m.DCOPserver_well.cs.ucr.edu_:1022[0m -> /home/csmajs/cyang032/.DCOPserver_well.cs.ucr.edu__1022
-rw-------    1 cyang032 csmajs     64 May 31  2014 .DCOPserver_well.cs.ucr.edu__1022
lrwxrwxrwx    1 cyang032 csmajs     55 May 21  2014 [01;36m.DCOPserver_well.cs.ucr.edu_:1020[0m -> /home/csmajs/cyang032/.DCOPserver_well.cs.ucr.edu__1020
-rw-------    1 cyang032 csmajs     62 May 21  2014 .DCOPserver_well.cs.ucr.edu__1020
lrwxrwxrwx    1 cyang032 csmajs     55 Nov 14 16:06 [01;36m.DCOPserver_well.cs.ucr.edu_:1019[0m -> /home/csmajs/cyang032/.DCOPserver_well.cs.ucr.edu__1019
-rw-------    1 cyang032 csmajs     64 Nov 14 16:06 .DCOPserver_well.cs.ucr.edu__1019
lrwxrwxrwx    1 cyang032 csmajs     55 May 24  2014 [01;36m.DCOPserver_well.cs.ucr.edu_:1018[0m -> /home/csmajs/cyang032/.DCOPserver_well.cs.ucr.edu__1018
-rw-------    1 cyang032 csmajs     64 May 24  2014 .DCOPserver_well.cs.ucr.edu__1018
lrwxrwxrwx    1 cyang032 csmajs     55 Apr 26  2014 [01;36m.DCOPserver_well.cs.ucr.edu_:1017[0m -> /home/csmajs/cyang032/.DCOPserver_well.cs.ucr.edu__1017
-rw-------    1 cyang032 csmajs     64 Apr 26  2014 .DCOPserver_well.cs.ucr.edu__1017
lrwxrwxrwx    1 cyang032 csmajs     55 Apr 19  2014 [01;36m.DCOPserver_well.cs.ucr.edu_:1014[0m -> /home/csmajs/cyang032/.DCOPserver_well.cs.ucr.edu__1014
-rw-------    1 cyang032 csmajs     64 Apr 19  2014 .DCOPserver_well.cs.ucr.edu__1014
lrwxrwxrwx    1 cyang032 csmajs     55 Oct 18 13:51 [01;36m.DCOPserver_well.cs.ucr.edu_:1013[0m -> /home/csmajs/cyang032/.DCOPserver_well.cs.ucr.edu__1013
-rw-------    1 cyang032 csmajs     64 Nov  1 19:50 .DCOPserver_well.cs.ucr.edu__1013
lrwxrwxrwx    1 cyang032 csmajs     55 May 23  2014 [01;36m.DCOPserver_well.cs.ucr.edu_:1012[0m -> /home/csmajs/cyang032/.DCOPserver_well.cs.ucr.edu__1012
-rw-------    1 cyang032 csmajs     64 May 23  2014 .DCOPserver_well.cs.ucr.edu__1012
lrwxrwxrwx    1 cyang032 csmajs     55 Apr 11  2014 [01;36m.DCOPserver_well.cs.ucr.edu_:1011[0m -> /home/csmajs/cyang032/.DCOPserver_well.cs.ucr.edu__1011
-rw-------    1 cyang032 csmajs     64 Nov 12 19:16 .DCOPserver_well.cs.ucr.edu__1011
lrwxrwxrwx    1 cyang032 csmajs     55 Apr  8  2014 [01;36m.DCOPserver_well.cs.ucr.edu_:1010[0m -> /home/csmajs/cyang032/.DCOPserver_well.cs.ucr.edu__1010
-rw-------    1 cyang032 csmajs     64 May 17  2014 .DCOPserver_well.cs.ucr.edu__1010
lrwxrwxrwx    1 cyang032 csmajs     55 Nov 19 20:28 [01;36m.DCOPserver_well.cs.ucr.edu_:1008[0m -> /home/csmajs/cyang032/.DCOPserver_well.cs.ucr.edu__1008
-rw-------    1 cyang032 csmajs     64 Nov 19 20:28 .DCOPserver_well.cs.ucr.edu__1008
lrwxrwxrwx    1 cyang032 csmajs     55 Apr 30  2014 [01;36m.DCOPserver_well.cs.ucr.edu_:1007[0m -> /home/csmajs/cyang032/.DCOPserver_well.cs.ucr.edu__1007
-rw-------    1 cyang032 csmajs     64 Nov 29 14:59 .DCOPserver_well.cs.ucr.edu__1007
lrwxrwxrwx    1 cyang032 csmajs     55 Oct 29 19:28 [01;36m.DCOPserver_well.cs.ucr.edu_:1006[0m -> /home/csmajs/cyang032/.DCOPserver_well.cs.ucr.edu__1006
-rw-------    1 cyang032 csmajs     64 Dec  3 17:20 .DCOPserver_well.cs.ucr.edu__1006
lrwxrwxrwx    1 cyang032 csmajs     55 Oct 12 18:16 [01;36m.DCOPserver_well.cs.ucr.edu_:1004[0m -> /home/csmajs/cyang032/.DCOPserver_well.cs.ucr.edu__1004
-rw-------    1 cyang032 csmajs     64 Nov 26 19:44 .DCOPserver_well.cs.ucr.edu__1004
-rwx------    1 cyang032 csmajs     64 Apr 23  2014 [01;32m.DCOPserver_alpha-46.cs.ucr.edu__0[0m*
-rwx------    1 cyang032 csmajs     66 May 28  2014 [01;32m.DCOPserver_alpha-45.cs.ucr.edu__0[0m*
-rwx------    1 cyang032 csmajs     66 Apr 16  2014 [01;32m.DCOPserver_alpha-44.cs.ucr.edu__0[0m*
-rwx------    1 cyang032 csmajs     66 May 14  2014 [01;32m.DCOPserver_alpha-18.cs.ucr.edu__0[0m*
-rwx------    1 cyang032 csmajs     66 May 21  2014 [01;32m.DCOPserver_alpha-10.cs.ucr.edu__0[0m*
drwx------    3 cyang032 csmajs   4096 Oct  1  2013 [01;34m.dbus[0m/
drwx------    7 cyang032 csmajs   4096 Oct 11  2013 [01;34m.config[0m/
drwx------    4 cyang032 csmajs   4096 May 14  2014 [01;34m.cache[0m/
-rw-------    1 cyang032 csmajs   1270 Sep 19  2008 .bashrc
-rw-------    1 cyang032 csmajs     24 Sep 19  2008 .bash_logout
-rwx------    1 cyang032 csmajs   1279 Jan 23 11:11 [01;32m.bash_history[0m*
drwx------    4 cyang032 csmajs   4096 Oct 15  2013 [01;34m.adobe[0m/
drwx--x--x 1267 root     root   200704 Jan 15 09:24 [01;34m..[0m/
drwx------   48 cyang032 csmajs  12288 Jan 23 17:32 [01;34m.[0m/
[m~
cyang032@hammer $ ls -l -l -l -l -l -l -l -l -l -l 
total 56
drwx------ 5 cyang032 csmajs 8192 Jan 13 21:18 [0m[01;34mDesktop[0m/
drwx------ 2 cyang032 csmajs 4096 Oct  1  2013 [01;34mDocuments[0m/
drwx------ 2 cyang032 csmajs 8192 Nov 19 20:43 [01;34mDownloads[0m/
drwx------ 4 cyang032 csmajs 4096 Jan 13 21:26 [01;34mfirstrepo[0m/
drwx------ 2 cyang032 csmajs 4096 Oct  1  2013 [01;34mMusic[0m/
drwx------ 2 cyang032 csmajs 4096 Oct  1  2013 [01;34mPictures[0m/
drwx------ 2 cyang032 csmajs 4096 Oct  1  2013 [01;34mPublic[0m/
drwx------ 2 cyang032 csmajs 4096 Oct  1  2013 [01;34mTemplates[0m/
drwx------ 2 cyang032 csmajs 4096 Apr  8  2014 [01;34mTestDir[0m/
drwx------ 8 cyang032 csmajs 4096 Jan 13 21:24 [01;34mucr-cs100[0m/
drwx------ 2 cyang032 csmajs 4096 Oct  1  2013 [01;34mVideos[0m/
drwx------ 3 cyang032 csmajs 4096 Sep 24  2013 [01;34mWINDOWS[0m/
[m~
cyang032@hammer $ ls -mmmmmmmmmmmmmmmmmmmmmmmmmmmmmmmmmm
[0m[01;34mDesktop[0m/, [01;34mDocuments[0m/, [01;34mDownloads[0m/, [01;34mfirstrepo[0m/, [01;34mMusic[0m/, [01;34mPictures[0m/, [01;34mPublic[0m/, [01;34mTemplates[0m/, [01;34mTestDir[0m/, [01;34mucr-cs100[0m/,
[01;34mVideos[0m/, [01;34mWINDOWS[0m/
[m~
cyang032@hammer $ ls ls ls ls
ls: cannot access ls: No such file or directory
ls: cannot access ls: No such file or directory
ls: cannot access ls: No such file or directory
~
cyang032@hammer $ asdfjkl
bash: asdfjkl: command not found
~
cyang032@hammer $ asdfjkl ls
bash: asdfjkl: command not found
~
cyang032@hammer $ 
~
cyang032@hammer $                          ls
[0m[01;34mDesktop[0m/    [01;34mDownloads[0m/  [01;34mMusic[0m/     [01;34mPublic[0m/     [01;34mTestDir[0m/    [01;34mVideos[0m/
[01;34mDocuments[0m/  [01;34mfirstrepo[0m/  [01;34mPictures[0m/  [01;34mTemplates[0m/  [01;34mucr-cs100[0m/  [01;34mWINDOWS[0m/
[m~
cyang032@hammer $ ls                           
[0m[01;34mDesktop[0m/    [01;34mDownloads[0m/  [01;34mMusic[0m/     [01;34mPublic[0m/     [01;34mTestDir[0m/    [01;34mVideos[0m/
[01;34mDocuments[0m/  [01;34mfirstrepo[0m/  [01;34mPictures[0m/  [01;34mTemplates[0m/  [01;34mucr-cs100[0m/  [01;34mWINDOWS[0m/
[m~
cyang032@hammer $ ls         -a          [K[K[K[K[K[K[K[K[K[K[Kl          -a
total 1532
drwx------   48 cyang032 csmajs  12288 Jan 23 17:32 [0m[01;34m.[0m/
drwx--x--x 1267 root     root   200704 Jan 15 09:24 [01;34m..[0m/
drwx------    4 cyang032 csmajs   4096 Oct 15  2013 [01;34m.adobe[0m/
-rwx------    1 cyang032 csmajs   1279 Jan 23 11:11 [01;32m.bash_history[0m*
-rw-------    1 cyang032 csmajs     24 Sep 19  2008 .bash_logout
-rw-------    1 cyang032 csmajs   1270 Sep 19  2008 .bashrc
drwx------    4 cyang032 csmajs   4096 May 14  2014 [01;34m.cache[0m/
drwx------    7 cyang032 csmajs   4096 Oct 11  2013 [01;34m.config[0m/
drwx------    3 cyang032 csmajs   4096 Oct  1  2013 [01;34m.dbus[0m/
-rwx------    1 cyang032 csmajs     66 May 21  2014 [01;32m.DCOPserver_alpha-10.cs.ucr.edu__0[0m*
-rwx------    1 cyang032 csmajs     66 May 14  2014 [01;32m.DCOPserver_alpha-18.cs.ucr.edu__0[0m*
-rwx------    1 cyang032 csmajs     66 Apr 16  2014 [01;32m.DCOPserver_alpha-44.cs.ucr.edu__0[0m*
-rwx------    1 cyang032 csmajs     66 May 28  2014 [01;32m.DCOPserver_alpha-45.cs.ucr.edu__0[0m*
-rwx------    1 cyang032 csmajs     64 Apr 23  2014 [01;32m.DCOPserver_alpha-46.cs.ucr.edu__0[0m*
-rw-------    1 cyang032 csmajs     64 Nov 26 19:44 .DCOPserver_well.cs.ucr.edu__1004
lrwxrwxrwx    1 cyang032 csmajs     55 Oct 12 18:16 [01;36m.DCOPserver_well.cs.ucr.edu_:1004[0m -> /home/csmajs/cyang032/.DCOPserver_well.cs.ucr.edu__1004
-rw-------    1 cyang032 csmajs     64 Dec  3 17:20 .DCOPserver_well.cs.ucr.edu__1006
lrwxrwxrwx    1 cyang032 csmajs     55 Oct 29 19:28 [01;36m.DCOPserver_well.cs.ucr.edu_:1006[0m -> /home/csmajs/cyang032/.DCOPserver_well.cs.ucr.edu__1006
-rw-------    1 cyang032 csmajs     64 Nov 29 14:59 .DCOPserver_well.cs.ucr.edu__1007
lrwxrwxrwx    1 cyang032 csmajs     55 Apr 30  2014 [01;36m.DCOPserver_well.cs.ucr.edu_:1007[0m -> /home/csmajs/cyang032/.DCOPserver_well.cs.ucr.edu__1007
-rw-------    1 cyang032 csmajs     64 Nov 19 20:28 .DCOPserver_well.cs.ucr.edu__1008
lrwxrwxrwx    1 cyang032 csmajs     55 Nov 19 20:28 [01;36m.DCOPserver_well.cs.ucr.edu_:1008[0m -> /home/csmajs/cyang032/.DCOPserver_well.cs.ucr.edu__1008
-rw-------    1 cyang032 csmajs     64 May 17  2014 .DCOPserver_well.cs.ucr.edu__1010
lrwxrwxrwx    1 cyang032 csmajs     55 Apr  8  2014 [01;36m.DCOPserver_well.cs.ucr.edu_:1010[0m -> /home/csmajs/cyang032/.DCOPserver_well.cs.ucr.edu__1010
-rw-------    1 cyang032 csmajs     64 Nov 12 19:16 .DCOPserver_well.cs.ucr.edu__1011
lrwxrwxrwx    1 cyang032 csmajs     55 Apr 11  2014 [01;36m.DCOPserver_well.cs.ucr.edu_:1011[0m -> /home/csmajs/cyang032/.DCOPserver_well.cs.ucr.edu__1011
-rw-------    1 cyang032 csmajs     64 May 23  2014 .DCOPserver_well.cs.ucr.edu__1012
lrwxrwxrwx    1 cyang032 csmajs     55 May 23  2014 [01;36m.DCOPserver_well.cs.ucr.edu_:1012[0m -> /home/csmajs/cyang032/.DCOPserver_well.cs.ucr.edu__1012
-rw-------    1 cyang032 csmajs     64 Nov  1 19:50 .DCOPserver_well.cs.ucr.edu__1013
lrwxrwxrwx    1 cyang032 csmajs     55 Oct 18 13:51 [01;36m.DCOPserver_well.cs.ucr.edu_:1013[0m -> /home/csmajs/cyang032/.DCOPserver_well.cs.ucr.edu__1013
-rw-------    1 cyang032 csmajs     64 Apr 19  2014 .DCOPserver_well.cs.ucr.edu__1014
lrwxrwxrwx    1 cyang032 csmajs     55 Apr 19  2014 [01;36m.DCOPserver_well.cs.ucr.edu_:1014[0m -> /home/csmajs/cyang032/.DCOPserver_well.cs.ucr.edu__1014
-rw-------    1 cyang032 csmajs     64 Apr 26  2014 .DCOPserver_well.cs.ucr.edu__1017
lrwxrwxrwx    1 cyang032 csmajs     55 Apr 26  2014 [01;36m.DCOPserver_well.cs.ucr.edu_:1017[0m -> /home/csmajs/cyang032/.DCOPserver_well.cs.ucr.edu__1017
-rw-------    1 cyang032 csmajs     64 May 24  2014 .DCOPserver_well.cs.ucr.edu__1018
lrwxrwxrwx    1 cyang032 csmajs     55 May 24  2014 [01;36m.DCOPserver_well.cs.ucr.edu_:1018[0m -> /home/csmajs/cyang032/.DCOPserver_well.cs.ucr.edu__1018
-rw-------    1 cyang032 csmajs     64 Nov 14 16:06 .DCOPserver_well.cs.ucr.edu__1019
lrwxrwxrwx    1 cyang032 csmajs     55 Nov 14 16:06 [01;36m.DCOPserver_well.cs.ucr.edu_:1019[0m -> /home/csmajs/cyang032/.DCOPserver_well.cs.ucr.edu__1019
-rw-------    1 cyang032 csmajs     62 May 21  2014 .DCOPserver_well.cs.ucr.edu__1020
lrwxrwxrwx    1 cyang032 csmajs     55 May 21  2014 [01;36m.DCOPserver_well.cs.ucr.edu_:1020[0m -> /home/csmajs/cyang032/.DCOPserver_well.cs.ucr.edu__1020
-rw-------    1 cyang032 csmajs     64 May 31  2014 .DCOPserver_well.cs.ucr.edu__1022
lrwxrwxrwx    1 cyang032 csmajs     55 May 31  2014 [01;36m.DCOPserver_well.cs.ucr.edu_:1022[0m -> /home/csmajs/cyang032/.DCOPserver_well.cs.ucr.edu__1022
-rw-------    1 cyang032 csmajs     64 May 24  2014 .DCOPserver_well.cs.ucr.edu__1023
lrwxrwxrwx    1 cyang032 csmajs     55 May 24  2014 [01;36m.DCOPserver_well.cs.ucr.edu_:1023[0m -> /home/csmajs/cyang032/.DCOPserver_well.cs.ucr.edu__1023
-rw-------    1 cyang032 csmajs     64 May 30  2014 .DCOPserver_well.cs.ucr.edu__1024
lrwxrwxrwx    1 cyang032 csmajs     55 Apr 18  2014 [01;36m.DCOPserver_well.cs.ucr.edu_:1024[0m -> /home/csmajs/cyang032/.DCOPserver_well.cs.ucr.edu__1024
-rw-------    1 cyang032 csmajs     64 Nov 15 14:21 .DCOPserver_well.cs.ucr.edu__1027
lrwxrwxrwx    1 cyang032 csmajs     55 Nov 15 14:21 [01;36m.DCOPserver_well.cs.ucr.edu_:1027[0m -> /home/csmajs/cyang032/.DCOPserver_well.cs.ucr.edu__1027
-rw-------    1 cyang032 csmajs     62 May 17  2014 .DCOPserver_well.cs.ucr.edu__1029
lrwxrwxrwx    1 cyang032 csmajs     55 May 17  2014 [01;36m.DCOPserver_well.cs.ucr.edu_:1029[0m -> /home/csmajs/cyang032/.DCOPserver_well.cs.ucr.edu__1029
-rw-------    1 cyang032 csmajs     64 May  2  2014 .DCOPserver_well.cs.ucr.edu__1043
lrwxrwxrwx    1 cyang032 csmajs     55 May  2  2014 [01;36m.DCOPserver_well.cs.ucr.edu_:1043[0m -> /home/csmajs/cyang032/.DCOPserver_well.cs.ucr.edu__1043
-rw-------    1 cyang032 csmajs     62 May 10  2014 .DCOPserver_well.cs.ucr.edu__1046
lrwxrwxrwx    1 cyang032 csmajs     55 May 10  2014 [01;36m.DCOPserver_well.cs.ucr.edu_:1046[0m -> /home/csmajs/cyang032/.DCOPserver_well.cs.ucr.edu__1046
-rw-------    1 cyang032 csmajs     64 Aug 21 20:34 .DCOPserver_well.cs.ucr.edu_localhost_14
lrwxrwxrwx    1 cyang032 csmajs     62 Aug 21 20:34 [01;36m.DCOPserver_well.cs.ucr.edu_localhost:14[0m -> /home/csmajs/cyang032/.DCOPserver_well.cs.ucr.edu_localhost_14
-rw-------    1 cyang032 csmajs     64 Aug 22 10:28 .DCOPserver_well.cs.ucr.edu_localhost_26
lrwxrwxrwx    1 cyang032 csmajs     62 Aug 22 10:28 [01;36m.DCOPserver_well.cs.ucr.edu_localhost:26[0m -> /home/csmajs/cyang032/.DCOPserver_well.cs.ucr.edu_localhost_26
-rw-------    1 cyang032 csmajs     62 Aug 20 12:04 .DCOPserver_well.cs.ucr.edu_localhost_32
lrwxrwxrwx    1 cyang032 csmajs     62 Aug 20 12:04 [01;36m.DCOPserver_well.cs.ucr.edu_localhost:32[0m -> /home/csmajs/cyang032/.DCOPserver_well.cs.ucr.edu_localhost_32
-rw-------    1 cyang032 csmajs     64 Aug 25 13:35 .DCOPserver_well.cs.ucr.edu_localhost_35
lrwxrwxrwx    1 cyang032 csmajs     62 Aug 25 13:35 [01;36m.DCOPserver_well.cs.ucr.edu_localhost:35[0m -> /home/csmajs/cyang032/.DCOPserver_well.cs.ucr.edu_localhost_35
drwx------    5 cyang032 csmajs   8192 Jan 13 21:18 [01;34mDesktop[0m/
-rwx------    1 cyang032 csmajs     27 Apr 15  2014 [01;32m.dmrc[0m*
drwx------    2 cyang032 csmajs   4096 Oct  1  2013 [01;34mDocuments[0m/
drwx------    2 cyang032 csmajs   8192 Nov 19 20:43 [01;34mDownloads[0m/
drwx------    2 cyang032 csmajs   4096 Oct  4  2013 [01;34m.eggcups[0m/
drwx------    3 cyang032 csmajs   4096 Nov 19  2013 [01;34m.emacs.d[0m/
-rwx------    1 cyang032 csmajs     16 Oct  4  2013 [01;32m.esd_auth[0m*
drwxr-xr-x    7 cyang032 csmajs   4096 Nov 19 20:44 [01;34m.evolution[0m/
-rwx------    1 cyang032 csmajs   4096 Nov 19  2013 [01;32m.execoooHSIglj[0m*
-rwx------    1 cyang032 csmajs   4096 Nov 19  2013 [01;32m.execoooJGM3Ac[0m*
drwx------    4 cyang032 csmajs   4096 Jan 13 21:26 [01;34mfirstrepo[0m/
drwx------    2 cyang032 csmajs   8192 Jan 23 16:52 [01;34m.fontconfig[0m/
drwx------    4 cyang032 csmajs   4096 Jan 23 15:50 [01;34m.gconf[0m/
drwx------    2 cyang032 csmajs   4096 Jan 23 17:05 [01;34m.gconfd[0m/
drwx------    3 cyang032 csmajs   4096 Jan 23 17:17 [01;34m.gitlearn[0m/
drwx------    3 cyang032 csmajs   4096 Oct  4  2013 [01;34m.gnome[0m/
drwx------    9 cyang032 csmajs  20480 Jan 23 11:11 [01;34m.gnome2[0m/
drwx------    2 cyang032 csmajs   4096 Oct  1  2013 [01;34m.gnome2_private[0m/
drwx------    3 cyang032 csmajs   4096 Oct  1  2013 [01;34m.gnote[0m/
drwx------    2 cyang032 csmajs   4096 Jan 23 17:17 [01;34m.gnupg[0m/
drwx------    2 cyang032 csmajs   4096 May 14  2014 [01;34m.gstreamer-0.10[0m/
-rwx------    1 cyang032 csmajs    187 May 14  2014 [01;32m.gtk-bookmarks[0m*
-rwx------    1 cyang032 csmajs     97 Oct  4  2013 [01;32m.gtkrc-1.2-gnome2[0m*
drwx------    2 cyang032 csmajs   4096 Oct  1  2013 [01;34m.gvfs[0m/
-rw-------    1 cyang032 csmajs  20258 Jan 23 15:50 .ICEauthority
-rwx------    1 cyang032 csmajs    657 May 14  2014 [01;32m.imsettings.log[0m*
drwx------    3 cyang032 csmajs   4096 Apr 11  2014 [01;34m.kde[0m/
drwx------    3 cyang032 csmajs   4096 Nov 19  2013 [01;34m.libreoffice[0m/
drwx------    3 cyang032 csmajs   4096 Oct  1  2013 [01;34m.local[0m/
drwx------    3 cyang032 csmajs   4096 Oct  1  2013 [01;34m.macromedia[0m/
drwx------    3 cyang032 csmajs   4096 Oct  4  2013 [01;34m.metacity[0m/
drwx------    4 cyang032 csmajs   4096 Oct  1  2013 [01;34m.mozilla[0m/
drwx------    2 cyang032 csmajs   4096 Oct  1  2013 [01;34mMusic[0m/
drwx------    3 cyang032 csmajs   8192 Jan 23 11:11 [01;34m.nautilus[0m/
drwx------    3 cyang032 csmajs   4096 Oct  1  2013 [01;34m.nv[0m/
drwx------  101 cyang032 csmajs  12288 Jan 23 15:50 [01;34m.nx[0m/
drwx------    2 cyang032 csmajs   4096 Oct  1  2013 [01;34mPictures[0m/
drwx------    3 cyang032 csmajs   4096 Jan 13 21:24 [01;34m.pki[0m/
-rwx------    1 cyang032 csmajs     88 Sep 22  2013 [01;32m.procmailrc[0m*
-rw-------    1 cyang032 csmajs    965 Sep 19  2008 .profile
drwx------    2 cyang032 csmajs   4096 Oct  1  2013 [01;34mPublic[0m/
drwx------    2 cyang032 csmajs   4096 Oct  1  2013 [01;34m.pulse[0m/
-rwx------    1 cyang032 csmajs    256 Oct  1  2013 [01;32m.pulse-cookie[0m*
drwx------    2 cyang032 csmajs   4096 Dec  3 18:45 [01;34m.qt[0m/
-rw-r--r--    1 cyang032 csmajs 100109 Jan 22 21:34 .recently-used.xbel
drwx------    3 cyang032 csmajs   4096 Oct  4  2013 [01;34m.redhat[0m/
drwx------    2 cyang032 csmajs   4096 Jan 13 21:19 [01;34m.ssh[0m/
drwx------    2 cyang032 csmajs   4096 Oct  1  2013 [01;34mTemplates[0m/
drwx------    2 cyang032 csmajs   4096 Apr  8  2014 [01;34mTestDir[0m/
drwx------    3 cyang032 csmajs   4096 Oct 16  2013 [01;34m.thumbnails[0m/
drwx------   15 cyang032 csmajs   4096 Nov 29 14:09 [01;34m.Trash[0m/
drwx------    8 cyang032 csmajs   4096 Jan 13 21:24 [01;34mucr-cs100[0m/
drwx------    2 cyang032 csmajs   4096 Oct  1  2013 [01;34mVideos[0m/
-rwx------    1 cyang032 csmajs   7790 Jan 23 17:32 [01;32m.viminfo[0m*
drwx------    3 cyang032 csmajs   4096 Sep 24  2013 [01;34mWINDOWS[0m/
-rw-------    1 cyang032 csmajs   4194 Jan 23 17:17 .Xauthority
-rwx------    1 cyang032 csmajs 913883 Nov 26  2013 [01;32m.xsession-errors.old[0m*
[m~
cyang032@hammer $            ls           ls[K[K-l              -a
total 1532
drwx------   48 cyang032 csmajs  12288 Jan 23 17:32 [0m[01;34m.[0m/
drwx--x--x 1267 root     root   200704 Jan 15 09:24 [01;34m..[0m/
drwx------    4 cyang032 csmajs   4096 Oct 15  2013 [01;34m.adobe[0m/
-rwx------    1 cyang032 csmajs   1279 Jan 23 11:11 [01;32m.bash_history[0m*
-rw-------    1 cyang032 csmajs     24 Sep 19  2008 .bash_logout
-rw-------    1 cyang032 csmajs   1270 Sep 19  2008 .bashrc
drwx------    4 cyang032 csmajs   4096 May 14  2014 [01;34m.cache[0m/
drwx------    7 cyang032 csmajs   4096 Oct 11  2013 [01;34m.config[0m/
drwx------    3 cyang032 csmajs   4096 Oct  1  2013 [01;34m.dbus[0m/
-rwx------    1 cyang032 csmajs     66 May 21  2014 [01;32m.DCOPserver_alpha-10.cs.ucr.edu__0[0m*
-rwx------    1 cyang032 csmajs     66 May 14  2014 [01;32m.DCOPserver_alpha-18.cs.ucr.edu__0[0m*
-rwx------    1 cyang032 csmajs     66 Apr 16  2014 [01;32m.DCOPserver_alpha-44.cs.ucr.edu__0[0m*
-rwx------    1 cyang032 csmajs     66 May 28  2014 [01;32m.DCOPserver_alpha-45.cs.ucr.edu__0[0m*
-rwx------    1 cyang032 csmajs     64 Apr 23  2014 [01;32m.DCOPserver_alpha-46.cs.ucr.edu__0[0m*
-rw-------    1 cyang032 csmajs     64 Nov 26 19:44 .DCOPserver_well.cs.ucr.edu__1004
lrwxrwxrwx    1 cyang032 csmajs     55 Oct 12 18:16 [01;36m.DCOPserver_well.cs.ucr.edu_:1004[0m -> /home/csmajs/cyang032/.DCOPserver_well.cs.ucr.edu__1004
-rw-------    1 cyang032 csmajs     64 Dec  3 17:20 .DCOPserver_well.cs.ucr.edu__1006
lrwxrwxrwx    1 cyang032 csmajs     55 Oct 29 19:28 [01;36m.DCOPserver_well.cs.ucr.edu_:1006[0m -> /home/csmajs/cyang032/.DCOPserver_well.cs.ucr.edu__1006
-rw-------    1 cyang032 csmajs     64 Nov 29 14:59 .DCOPserver_well.cs.ucr.edu__1007
lrwxrwxrwx    1 cyang032 csmajs     55 Apr 30  2014 [01;36m.DCOPserver_well.cs.ucr.edu_:1007[0m -> /home/csmajs/cyang032/.DCOPserver_well.cs.ucr.edu__1007
-rw-------    1 cyang032 csmajs     64 Nov 19 20:28 .DCOPserver_well.cs.ucr.edu__1008
lrwxrwxrwx    1 cyang032 csmajs     55 Nov 19 20:28 [01;36m.DCOPserver_well.cs.ucr.edu_:1008[0m -> /home/csmajs/cyang032/.DCOPserver_well.cs.ucr.edu__1008
-rw-------    1 cyang032 csmajs     64 May 17  2014 .DCOPserver_well.cs.ucr.edu__1010
lrwxrwxrwx    1 cyang032 csmajs     55 Apr  8  2014 [01;36m.DCOPserver_well.cs.ucr.edu_:1010[0m -> /home/csmajs/cyang032/.DCOPserver_well.cs.ucr.edu__1010
-rw-------    1 cyang032 csmajs     64 Nov 12 19:16 .DCOPserver_well.cs.ucr.edu__1011
lrwxrwxrwx    1 cyang032 csmajs     55 Apr 11  2014 [01;36m.DCOPserver_well.cs.ucr.edu_:1011[0m -> /home/csmajs/cyang032/.DCOPserver_well.cs.ucr.edu__1011
-rw-------    1 cyang032 csmajs     64 May 23  2014 .DCOPserver_well.cs.ucr.edu__1012
lrwxrwxrwx    1 cyang032 csmajs     55 May 23  2014 [01;36m.DCOPserver_well.cs.ucr.edu_:1012[0m -> /home/csmajs/cyang032/.DCOPserver_well.cs.ucr.edu__1012
-rw-------    1 cyang032 csmajs     64 Nov  1 19:50 .DCOPserver_well.cs.ucr.edu__1013
lrwxrwxrwx    1 cyang032 csmajs     55 Oct 18 13:51 [01;36m.DCOPserver_well.cs.ucr.edu_:1013[0m -> /home/csmajs/cyang032/.DCOPserver_well.cs.ucr.edu__1013
-rw-------    1 cyang032 csmajs     64 Apr 19  2014 .DCOPserver_well.cs.ucr.edu__1014
lrwxrwxrwx    1 cyang032 csmajs     55 Apr 19  2014 [01;36m.DCOPserver_well.cs.ucr.edu_:1014[0m -> /home/csmajs/cyang032/.DCOPserver_well.cs.ucr.edu__1014
-rw-------    1 cyang032 csmajs     64 Apr 26  2014 .DCOPserver_well.cs.ucr.edu__1017
lrwxrwxrwx    1 cyang032 csmajs     55 Apr 26  2014 [01;36m.DCOPserver_well.cs.ucr.edu_:1017[0m -> /home/csmajs/cyang032/.DCOPserver_well.cs.ucr.edu__1017
-rw-------    1 cyang032 csmajs     64 May 24  2014 .DCOPserver_well.cs.ucr.edu__1018
lrwxrwxrwx    1 cyang032 csmajs     55 May 24  2014 [01;36m.DCOPserver_well.cs.ucr.edu_:1018[0m -> /home/csmajs/cyang032/.DCOPserver_well.cs.ucr.edu__1018
-rw-------    1 cyang032 csmajs     64 Nov 14 16:06 .DCOPserver_well.cs.ucr.edu__1019
lrwxrwxrwx    1 cyang032 csmajs     55 Nov 14 16:06 [01;36m.DCOPserver_well.cs.ucr.edu_:1019[0m -> /home/csmajs/cyang032/.DCOPserver_well.cs.ucr.edu__1019
-rw-------    1 cyang032 csmajs     62 May 21  2014 .DCOPserver_well.cs.ucr.edu__1020
lrwxrwxrwx    1 cyang032 csmajs     55 May 21  2014 [01;36m.DCOPserver_well.cs.ucr.edu_:1020[0m -> /home/csmajs/cyang032/.DCOPserver_well.cs.ucr.edu__1020
-rw-------    1 cyang032 csmajs     64 May 31  2014 .DCOPserver_well.cs.ucr.edu__1022
lrwxrwxrwx    1 cyang032 csmajs     55 May 31  2014 [01;36m.DCOPserver_well.cs.ucr.edu_:1022[0m -> /home/csmajs/cyang032/.DCOPserver_well.cs.ucr.edu__1022
-rw-------    1 cyang032 csmajs     64 May 24  2014 .DCOPserver_well.cs.ucr.edu__1023
lrwxrwxrwx    1 cyang032 csmajs     55 May 24  2014 [01;36m.DCOPserver_well.cs.ucr.edu_:1023[0m -> /home/csmajs/cyang032/.DCOPserver_well.cs.ucr.edu__1023
-rw-------    1 cyang032 csmajs     64 May 30  2014 .DCOPserver_well.cs.ucr.edu__1024
lrwxrwxrwx    1 cyang032 csmajs     55 Apr 18  2014 [01;36m.DCOPserver_well.cs.ucr.edu_:1024[0m -> /home/csmajs/cyang032/.DCOPserver_well.cs.ucr.edu__1024
-rw-------    1 cyang032 csmajs     64 Nov 15 14:21 .DCOPserver_well.cs.ucr.edu__1027
lrwxrwxrwx    1 cyang032 csmajs     55 Nov 15 14:21 [01;36m.DCOPserver_well.cs.ucr.edu_:1027[0m -> /home/csmajs/cyang032/.DCOPserver_well.cs.ucr.edu__1027
-rw-------    1 cyang032 csmajs     62 May 17  2014 .DCOPserver_well.cs.ucr.edu__1029
lrwxrwxrwx    1 cyang032 csmajs     55 May 17  2014 [01;36m.DCOPserver_well.cs.ucr.edu_:1029[0m -> /home/csmajs/cyang032/.DCOPserver_well.cs.ucr.edu__1029
-rw-------    1 cyang032 csmajs     64 May  2  2014 .DCOPserver_well.cs.ucr.edu__1043
lrwxrwxrwx    1 cyang032 csmajs     55 May  2  2014 [01;36m.DCOPserver_well.cs.ucr.edu_:1043[0m -> /home/csmajs/cyang032/.DCOPserver_well.cs.ucr.edu__1043
-rw-------    1 cyang032 csmajs     62 May 10  2014 .DCOPserver_well.cs.ucr.edu__1046
lrwxrwxrwx    1 cyang032 csmajs     55 May 10  2014 [01;36m.DCOPserver_well.cs.ucr.edu_:1046[0m -> /home/csmajs/cyang032/.DCOPserver_well.cs.ucr.edu__1046
-rw-------    1 cyang032 csmajs     64 Aug 21 20:34 .DCOPserver_well.cs.ucr.edu_localhost_14
lrwxrwxrwx    1 cyang032 csmajs     62 Aug 21 20:34 [01;36m.DCOPserver_well.cs.ucr.edu_localhost:14[0m -> /home/csmajs/cyang032/.DCOPserver_well.cs.ucr.edu_localhost_14
-rw-------    1 cyang032 csmajs     64 Aug 22 10:28 .DCOPserver_well.cs.ucr.edu_localhost_26
lrwxrwxrwx    1 cyang032 csmajs     62 Aug 22 10:28 [01;36m.DCOPserver_well.cs.ucr.edu_localhost:26[0m -> /home/csmajs/cyang032/.DCOPserver_well.cs.ucr.edu_localhost_26
-rw-------    1 cyang032 csmajs     62 Aug 20 12:04 .DCOPserver_well.cs.ucr.edu_localhost_32
lrwxrwxrwx    1 cyang032 csmajs     62 Aug 20 12:04 [01;36m.DCOPserver_well.cs.ucr.edu_localhost:32[0m -> /home/csmajs/cyang032/.DCOPserver_well.cs.ucr.edu_localhost_32
-rw-------    1 cyang032 csmajs     64 Aug 25 13:35 .DCOPserver_well.cs.ucr.edu_localhost_35
lrwxrwxrwx    1 cyang032 csmajs     62 Aug 25 13:35 [01;36m.DCOPserver_well.cs.ucr.edu_localhost:35[0m -> /home/csmajs/cyang032/.DCOPserver_well.cs.ucr.edu_localhost_35
drwx------    5 cyang032 csmajs   8192 Jan 13 21:18 [01;34mDesktop[0m/
-rwx------    1 cyang032 csmajs     27 Apr 15  2014 [01;32m.dmrc[0m*
drwx------    2 cyang032 csmajs   4096 Oct  1  2013 [01;34mDocuments[0m/
drwx------    2 cyang032 csmajs   8192 Nov 19 20:43 [01;34mDownloads[0m/
drwx------    2 cyang032 csmajs   4096 Oct  4  2013 [01;34m.eggcups[0m/
drwx------    3 cyang032 csmajs   4096 Nov 19  2013 [01;34m.emacs.d[0m/
-rwx------    1 cyang032 csmajs     16 Oct  4  2013 [01;32m.esd_auth[0m*
drwxr-xr-x    7 cyang032 csmajs   4096 Nov 19 20:44 [01;34m.evolution[0m/
-rwx------    1 cyang032 csmajs   4096 Nov 19  2013 [01;32m.execoooHSIglj[0m*
-rwx------    1 cyang032 csmajs   4096 Nov 19  2013 [01;32m.execoooJGM3Ac[0m*
drwx------    4 cyang032 csmajs   4096 Jan 13 21:26 [01;34mfirstrepo[0m/
drwx------    2 cyang032 csmajs   8192 Jan 23 16:52 [01;34m.fontconfig[0m/
drwx------    4 cyang032 csmajs   4096 Jan 23 15:50 [01;34m.gconf[0m/
drwx------    2 cyang032 csmajs   4096 Jan 23 17:05 [01;34m.gconfd[0m/
drwx------    3 cyang032 csmajs   4096 Jan 23 17:17 [01;34m.gitlearn[0m/
drwx------    3 cyang032 csmajs   4096 Oct  4  2013 [01;34m.gnome[0m/
drwx------    9 cyang032 csmajs  20480 Jan 23 11:11 [01;34m.gnome2[0m/
drwx------    2 cyang032 csmajs   4096 Oct  1  2013 [01;34m.gnome2_private[0m/
drwx------    3 cyang032 csmajs   4096 Oct  1  2013 [01;34m.gnote[0m/
drwx------    2 cyang032 csmajs   4096 Jan 23 17:17 [01;34m.gnupg[0m/
drwx------    2 cyang032 csmajs   4096 May 14  2014 [01;34m.gstreamer-0.10[0m/
-rwx------    1 cyang032 csmajs    187 May 14  2014 [01;32m.gtk-bookmarks[0m*
-rwx------    1 cyang032 csmajs     97 Oct  4  2013 [01;32m.gtkrc-1.2-gnome2[0m*
drwx------    2 cyang032 csmajs   4096 Oct  1  2013 [01;34m.gvfs[0m/
-rw-------    1 cyang032 csmajs  20258 Jan 23 15:50 .ICEauthority
-rwx------    1 cyang032 csmajs    657 May 14  2014 [01;32m.imsettings.log[0m*
drwx------    3 cyang032 csmajs   4096 Apr 11  2014 [01;34m.kde[0m/
drwx------    3 cyang032 csmajs   4096 Nov 19  2013 [01;34m.libreoffice[0m/
drwx------    3 cyang032 csmajs   4096 Oct  1  2013 [01;34m.local[0m/
drwx------    3 cyang032 csmajs   4096 Oct  1  2013 [01;34m.macromedia[0m/
drwx------    3 cyang032 csmajs   4096 Oct  4  2013 [01;34m.metacity[0m/
drwx------    4 cyang032 csmajs   4096 Oct  1  2013 [01;34m.mozilla[0m/
drwx------    2 cyang032 csmajs   4096 Oct  1  2013 [01;34mMusic[0m/
drwx------    3 cyang032 csmajs   8192 Jan 23 11:11 [01;34m.nautilus[0m/
drwx------    3 cyang032 csmajs   4096 Oct  1  2013 [01;34m.nv[0m/
drwx------  101 cyang032 csmajs  12288 Jan 23 15:50 [01;34m.nx[0m/
drwx------    2 cyang032 csmajs   4096 Oct  1  2013 [01;34mPictures[0m/
drwx------    3 cyang032 csmajs   4096 Jan 13 21:24 [01;34m.pki[0m/
-rwx------    1 cyang032 csmajs     88 Sep 22  2013 [01;32m.procmailrc[0m*
-rw-------    1 cyang032 csmajs    965 Sep 19  2008 .profile
drwx------    2 cyang032 csmajs   4096 Oct  1  2013 [01;34mPublic[0m/
drwx------    2 cyang032 csmajs   4096 Oct  1  2013 [01;34m.pulse[0m/
-rwx------    1 cyang032 csmajs    256 Oct  1  2013 [01;32m.pulse-cookie[0m*
drwx------    2 cyang032 csmajs   4096 Dec  3 18:45 [01;34m.qt[0m/
-rw-r--r--    1 cyang032 csmajs 100109 Jan 22 21:34 .recently-used.xbel
drwx------    3 cyang032 csmajs   4096 Oct  4  2013 [01;34m.redhat[0m/
drwx------    2 cyang032 csmajs   4096 Jan 13 21:19 [01;34m.ssh[0m/
drwx------    2 cyang032 csmajs   4096 Oct  1  2013 [01;34mTemplates[0m/
drwx------    2 cyang032 csmajs   4096 Apr  8  2014 [01;34mTestDir[0m/
drwx------    3 cyang032 csmajs   4096 Oct 16  2013 [01;34m.thumbnails[0m/
drwx------   15 cyang032 csmajs   4096 Nov 29 14:09 [01;34m.Trash[0m/
drwx------    8 cyang032 csmajs   4096 Jan 13 21:24 [01;34mucr-cs100[0m/
drwx------    2 cyang032 csmajs   4096 Oct  1  2013 [01;34mVideos[0m/
-rwx------    1 cyang032 csmajs   7790 Jan 23 17:32 [01;32m.viminfo[0m*
drwx------    3 cyang032 csmajs   4096 Sep 24  2013 [01;34mWINDOWS[0m/
-rw-------    1 cyang032 csmajs   4194 Jan 23 17:17 .Xauthority
-rwx------    1 cyang032 csmajs 913883 Nov 26  2013 [01;32m.xsession-errors.old[0m*
[m~
cyang032@hammer $ ./a.out
bash: ./a.out: No such file or directory
~
cyang032@hammer $ vin/r[K[K[K[K[Kbin/rshell
bash: bin/rshell: No such file or directory
~
cyang032@hammer $ ;
bash: syntax error near unexpected token `;'
~
cyang032@hammer $ ;;;;;;;
bash: syntax error near unexpected token `;;'
~
cyang032@hammer $ ;;;&&;;;;|||[K
bash: syntax error near unexpected token `;;'
~
cyang032@hammer $ &
bash: syntax error near unexpected token `&'
~
cyang032@hammer $ l s[K[Ks & ls
[1] 39884
[0m[01;34mDesktop[0m/    [01;34mDownloads[0m/  [01;34mMusic[0m/     [01;34mPublic[0m/     [01;34mTestDir[0m/    [01;34mVideos[0m/
[01;34mDocuments[0m/  [01;34mfirstrepo[0m/  [01;34mPictures[0m/  [01;34mTemplates[0m/  [01;34mucr-cs100[0m/  [01;34mWINDOWS[0m/
[m[0m[01;34mDesktop[0m/    [01;34mDownloads[0m/  [01;34mMusic[0m/     [01;34mPublic[0m/     [01;34mTestDir[0m/    [01;34mVideos[0m/
[01;34mDocuments[0m/  [01;34mfirstrepo[0m/  [01;34mPictures[0m/  [01;34mTemplates[0m/  [01;34mucr-cs100[0m/  [01;34mWINDOWS[0m/
[m[1]+  Done                    ls -F --color=tty -T 0
~
cyang032@hammer $ ls && ls
[0m[01;34mDesktop[0m/    [01;34mDownloads[0m/  [01;34mMusic[0m/     [01;34mPublic[0m/     [01;34mTestDir[0m/    [01;34mVideos[0m/
[01;34mDocuments[0m/  [01;34mfirstrepo[0m/  [01;34mPictures[0m/  [01;34mTemplates[0m/  [01;34mucr-cs100[0m/  [01;34mWINDOWS[0m/
[m[0m[01;34mDesktop[0m/    [01;34mDownloads[0m/  [01;34mMusic[0m/     [01;34mPublic[0m/     [01;34mTestDir[0m/    [01;34mVideos[0m/
[01;34mDocuments[0m/  [01;34mfirstrepo[0m/  [01;34mPictures[0m/  [01;34mTemplates[0m/  [01;34mucr-cs100[0m/  [01;34mWINDOWS[0m/
[m~
cyang032@hammer $ ls || ls
[0m[01;34mDesktop[0m/    [01;34mDownloads[0m/  [01;34mMusic[0m/     [01;34mPublic[0m/     [01;34mTestDir[0m/    [01;34mVideos[0m/
[01;34mDocuments[0m/  [01;34mfirstrepo[0m/  [01;34mPictures[0m/  [01;34mTemplates[0m/  [01;34mucr-cs100[0m/  [01;34mWINDOWS[0m/
[m~
cyang032@hammer $ true && ls
[0m[01;34mDesktop[0m/    [01;34mDownloads[0m/  [01;34mMusic[0m/     [01;34mPublic[0m/     [01;34mTestDir[0m/    [01;34mVideos[0m/
[01;34mDocuments[0m/  [01;34mfirstrepo[0m/  [01;34mPictures[0m/  [01;34mTemplates[0m/  [01;34mucr-cs100[0m/  [01;34mWINDOWS[0m/
[m~
cyang032@hammer $ false ^&&[K[K[K&& ls
~
cyang032@hammer $ true || ls
~
cyang032@hammer $ false || ls
[0m[01;34mDesktop[0m/    [01;34mDownloads[0m/  [01;34mMusic[0m/     [01;34mPublic[0m/     [01;34mTestDir[0m/    [01;34mVideos[0m/
[01;34mDocuments[0m/  [01;34mfirstrepo[0m/  [01;34mPictures[0m/  [01;34mTemplates[0m/  [01;34mucr-cs100[0m/  [01;34mWINDOWS[0m/
[m~
cyang032@hammer $ true
~
cyang032@hammer $ true &&
loop $ && true
bash: syntax error near unexpected token `&&'
~
cyang032@hammer $ # test
~
cyang032@hammer $ #     reallly[K[Ky     long       test
~
cyang032@hammer $ ls #asdfjkl      ;     ls
[0m[01;34mDesktop[0m/    [01;34mDownloads[0m/  [01;34mMusic[0m/     [01;34mPublic[0m/     [01;34mTestDir[0m/    [01;34mVideos[0m/
[01;34mDocuments[0m/  [01;34mfirstrepo[0m/  [01;34mPictures[0m/  [01;34mTemplates[0m/  [01;34mucr-cs100[0m/  [01;34mWINDOWS[0m/
[m~
cyang032@hammer $ exit
exit

Script done on Fri 23 Jan 2015 05:49:22 PM PST
